=== INCREMENTAL RUN 2026-09-06T18:27:23-06:00 : fixed keyset path, default page size ===
2026-09-06 18:27:23,440 INFO    stored watermark 2026-09-06 01:39:31.178000, re-reading from 2026-09-06 00:39:31.178000 (overlap 1 h)
2026-09-06 18:27:35,111 INFO    page 1: 50000 rows, 50000 new (:updated_at > 2026-09-06T00:39:31.178)
2026-09-06 18:27:39,072 INFO    committed 50000 rows (0 affected), watermark 2026-09-06 01:33:47.468000
2026-09-06 18:27:52,360 INFO    page 2: 50000 rows, 47921 new (:updated_at >= 2026-09-06T01:33:47.468)
2026-09-06 18:27:52,388 WARNING tie group at 2026-09-06 01:33:47.468000 exceeds one page; draining it by created_date
2026-09-06 18:28:07,315 WARNING window 2000-01-01 00:00:00 .. 2026-10-06 18:27:52.388558 filled the page (50000 rows); splitting at 2013-05-19 21:13:56.194279
2026-09-06 18:28:07,771 INFO    window 2000-01-01 00:00:00 .. 2013-05-19 21:13:56.194279: 0 rows
2026-09-06 18:28:24,449 WARNING window 2013-05-19 21:13:56.194279 .. 2026-10-06 18:27:52.388558 filled the page (50000 rows); splitting at 2020-01-27 19:50:54.291419
2026-09-06 18:28:25,145 INFO    window 2013-05-19 21:13:56.194279 .. 2020-01-27 19:50:54.291419: 16 rows
2026-09-06 18:28:25,259 INFO    committed 15 rows (2 affected), watermark 2026-09-06 01:33:47.468000
2026-09-06 18:28:31,451 WARNING window 2020-01-27 19:50:54.291419 .. 2026-10-06 18:27:52.388558 filled the page (50000 rows); splitting at 2023-06-02 19:09:23.339989
2026-09-06 18:28:43,123 INFO    window 2020-01-27 19:50:54.291419 .. 2023-06-02 19:09:23.339989: 9651 rows
2026-09-06 18:28:43,805 INFO    committed 9345 rows (274 affected), watermark 2026-09-06 01:33:47.468000
2026-09-06 18:28:50,727 WARNING window 2023-06-02 19:09:23.339989 .. 2026-10-06 18:27:52.388558 filled the page (50000 rows); splitting at 2025-02-02 18:48:37.864273
2026-09-06 18:28:54,614 INFO    window 2023-06-02 19:09:23.339989 .. 2025-02-02 18:48:37.864273: 7527 rows
2026-09-06 18:28:55,180 INFO    committed 7282 rows (122 affected), watermark 2026-09-06 01:33:47.468000
2026-09-06 18:29:09,612 WARNING window 2025-02-02 18:48:37.864273 .. 2026-10-06 18:27:52.388558 filled the page (50000 rows); splitting at 2025-12-05 06:38:15.126415
2026-09-06 18:29:16,876 WARNING window 2025-02-02 18:48:37.864273 .. 2025-12-05 06:38:15.126415 filled the page (50000 rows); splitting at 2025-07-05 12:43:26.495344
2026-09-06 18:29:19,546 INFO    window 2025-02-02 18:48:37.864273 .. 2025-07-05 12:43:26.495344: 6967 rows
2026-09-06 18:29:20,085 INFO    committed 6508 rows (350 affected), watermark 2026-09-06 01:33:47.468000
2026-09-06 18:29:32,824 WARNING window 2025-07-05 12:43:26.495344 .. 2025-12-05 06:38:15.126415 filled the page (50000 rows); splitting at 2025-09-19 21:40:50.810880
2026-09-06 18:29:40,649 INFO    window 2025-07-05 12:43:26.495344 .. 2025-09-19 21:40:50.810880: 49214 rows
2026-09-06 18:29:44,463 INFO    committed 45718 rows (3858 affected), watermark 2026-09-06 01:33:47.468000
2026-09-06 18:29:53,083 WARNING window 2025-09-19 21:40:50.810880 .. 2025-12-05 06:38:15.126415 filled the page (50000 rows); splitting at 2025-10-28 02:09:32.968648
2026-09-06 18:30:03,786 WARNING window 2025-09-19 21:40:50.810880 .. 2025-10-28 02:09:32.968648 filled the page (50000 rows); splitting at 2025-10-08 23:55:11.889764
2026-09-06 18:30:07,984 INFO    window 2025-09-19 21:40:50.810880 .. 2025-10-08 23:55:11.889764: 27353 rows
2026-09-06 18:30:10,459 INFO    committed 26052 rows (1044 affected), watermark 2026-09-06 01:33:47.468000
2026-09-06 18:30:17,469 INFO    window 2025-10-08 23:55:11.889764 .. 2025-10-28 02:09:32.968648: 47687 rows
2026-09-06 18:30:21,376 INFO    committed 42608 rows (19818 affected), watermark 2026-09-06 01:33:47.468000
2026-09-06 18:30:28,331 WARNING window 2025-10-28 02:09:32.968648 .. 2025-12-05 06:38:15.126415 filled the page (50000 rows); splitting at 2025-11-16 04:23:54.047532
2026-09-06 18:30:36,034 WARNING window 2025-10-28 02:09:32.968648 .. 2025-11-16 04:23:54.047532 filled the page (50000 rows); splitting at 2025-11-06 15:16:43.508090
2026-09-06 18:30:42,701 INFO    window 2025-10-28 02:09:32.968648 .. 2025-11-06 15:16:43.508090: 26804 rows
2026-09-06 18:30:44,887 INFO    committed 23309 rows (42000 affected), watermark 2026-09-06 01:33:47.468000
2026-09-06 18:30:49,624 INFO    window 2025-11-06 15:16:43.508090 .. 2025-11-16 04:23:54.047532: 27608 rows
2026-09-06 18:30:52,062 INFO    committed 24055 rows (29570 affected), watermark 2026-09-06 01:33:47.468000
2026-09-06 18:31:01,918 WARNING window 2025-11-16 04:23:54.047532 .. 2025-12-05 06:38:15.126415 filled the page (50000 rows); splitting at 2025-11-25 17:31:04.586974
2026-09-06 18:31:06,766 INFO    window 2025-11-16 04:23:54.047532 .. 2025-11-25 17:31:04.586974: 26137 rows
2026-09-06 18:31:08,753 INFO    committed 23232 rows (1132 affected), watermark 2026-09-06 01:33:47.468000
2026-09-06 18:31:15,798 INFO    window 2025-11-25 17:31:04.586974 .. 2025-12-05 06:38:15.126415: 26870 rows
2026-09-06 18:31:18,160 INFO    committed 24404 rows (1228 affected), watermark 2026-09-06 01:33:47.468000
2026-09-06 18:31:26,986 WARNING window 2025-12-05 06:38:15.126415 .. 2026-10-06 18:27:52.388558 filled the page (50000 rows); splitting at 2026-05-07 00:33:03.757487
2026-09-06 18:31:53,753 WARNING window 2025-12-05 06:38:15.126415 .. 2026-05-07 00:33:03.757487 filled the page (50000 rows); splitting at 2026-02-19 15:35:39.441951
2026-09-06 18:32:02,556 WARNING window 2025-12-05 06:38:15.126415 .. 2026-02-19 15:35:39.441951 filled the page (50000 rows); splitting at 2026-01-12 11:06:57.284183
2026-09-06 18:32:30,473 WARNING window 2025-12-05 06:38:15.126415 .. 2026-01-12 11:06:57.284183 filled the page (50000 rows); splitting at 2025-12-24 08:52:36.205299
2026-09-06 18:32:45,730 WARNING window 2025-12-05 06:38:15.126415 .. 2025-12-24 08:52:36.205299 filled the page (50000 rows); splitting at 2025-12-14 19:45:25.665857
2026-09-06 18:32:56,757 INFO    window 2025-12-05 06:38:15.126415 .. 2025-12-14 19:45:25.665857: 32942 rows
2026-09-06 18:32:59,569 INFO    committed 29886 rows (1332 affected), watermark 2026-09-06 01:33:47.468000
2026-09-06 18:33:05,891 INFO    window 2025-12-14 19:45:25.665857 .. 2025-12-24 08:52:36.205299: 26867 rows
2026-09-06 18:33:07,921 INFO    committed 23317 rows (2416 affected), watermark 2026-09-06 01:33:47.468000
2026-09-06 18:33:18,713 WARNING window 2025-12-24 08:52:36.205299 .. 2026-01-12 11:06:57.284183 filled the page (50000 rows); splitting at 2026-01-02 21:59:46.744741
2026-09-06 18:33:23,489 INFO    window 2025-12-24 08:52:36.205299 .. 2026-01-02 21:59:46.744741: 26565 rows
2026-09-06 18:33:25,894 INFO    committed 24321 rows (4134 affected), watermark 2026-09-06 01:33:47.468000
2026-09-06 18:33:35,088 INFO    window 2026-01-02 21:59:46.744741 .. 2026-01-12 11:06:57.284183: 23515 rows
2026-09-06 18:33:36,979 INFO    committed 22038 rows (0 affected), watermark 2026-09-06 01:33:47.468000
2026-09-06 18:33:48,958 WARNING window 2026-01-12 11:06:57.284183 .. 2026-02-19 15:35:39.441951 filled the page (50000 rows); splitting at 2026-01-31 13:21:18.363067
2026-09-06 18:33:54,392 WARNING window 2026-01-12 11:06:57.284183 .. 2026-01-31 13:21:18.363067 filled the page (50000 rows); splitting at 2026-01-22 00:14:07.823625
2026-09-06 18:34:02,275 INFO    window 2026-01-12 11:06:57.284183 .. 2026-01-22 00:14:07.823625: 26120 rows
2026-09-06 18:34:04,634 INFO    committed 23869 rows (0 affected), watermark 2026-09-06 01:33:47.468000
2026-09-06 18:34:18,131 INFO    window 2026-01-22 00:14:07.823625 .. 2026-01-31 13:21:18.363067: 36089 rows
2026-09-06 18:34:20,835 INFO    committed 32455 rows (0 affected), watermark 2026-09-06 01:33:47.468000
2026-09-06 18:34:22,086 INFO    window 2026-01-31 13:21:18.363067 .. 2026-02-19 15:35:39.441951: 1140 rows
2026-09-06 18:34:22,283 INFO    committed 984 rows (0 affected), watermark 2026-09-06 01:33:47.468000
2026-09-06 18:34:23,252 INFO    window 2026-02-19 15:35:39.441951 .. 2026-05-07 00:33:03.757487: 1438 rows
2026-09-06 18:34:23,352 INFO    committed 1096 rows (0 affected), watermark 2026-09-06 01:33:47.468000
2026-09-06 18:34:39,922 WARNING window 2026-05-07 00:33:03.757487 .. 2026-10-06 18:27:52.388558 filled the page (50000 rows); splitting at 2026-07-22 09:30:28.073023
2026-09-06 18:35:47,463 INFO    window 2026-05-07 00:33:03.757487 .. 2026-07-22 09:30:28.073023: 8564 rows
2026-09-06 18:35:48,242 INFO    committed 6757 rows (0 affected), watermark 2026-09-06 01:33:47.468000
2026-09-06 18:35:53,837 WARNING window 2026-07-22 09:30:28.073023 .. 2026-10-06 18:27:52.388558 filled the page (50000 rows); splitting at 2026-08-29 13:59:10.230791
2026-09-06 18:36:00,898 WARNING window 2026-07-22 09:30:28.073023 .. 2026-08-29 13:59:10.230791 filled the page (50000 rows); splitting at 2026-08-10 11:44:49.151907
2026-09-06 18:36:03,773 INFO    window 2026-07-22 09:30:28.073023 .. 2026-08-10 11:44:49.151907: 14797 rows
2026-09-06 18:36:04,812 INFO    committed 12731 rows (0 affected), watermark 2026-09-06 01:33:47.468000
2026-09-06 18:36:09,730 INFO    window 2026-08-10 11:44:49.151907 .. 2026-08-29 13:59:10.230791: 41106 rows
2026-09-06 18:36:13,051 INFO    committed 36850 rows (0 affected), watermark 2026-09-06 01:33:47.468000
2026-09-06 18:36:30,301 WARNING window 2026-08-29 13:59:10.230791 .. 2026-10-06 18:27:52.388558 filled the page (50000 rows); splitting at 2026-09-17 16:13:31.309675
2026-09-06 18:36:43,495 WARNING window 2026-08-29 13:59:10.230791 .. 2026-09-17 16:13:31.309675 filled the page (50000 rows); splitting at 2026-09-08 03:06:20.770233
2026-09-06 18:36:50,334 WARNING window 2026-08-29 13:59:10.230791 .. 2026-09-08 03:06:20.770233 filled the page (50000 rows); splitting at 2026-09-03 08:32:45.500512
2026-09-06 18:36:57,141 INFO    window 2026-08-29 13:59:10.230791 .. 2026-09-03 08:32:45.500512: 45726 rows
2026-09-06 18:37:00,857 INFO    committed 43871 rows (0 affected), watermark 2026-09-06 01:33:47.468000
2026-09-06 18:37:02,592 INFO    window 2026-09-03 08:32:45.500512 .. 2026-09-08 03:06:20.770233: 9465 rows
2026-09-06 18:37:03,494 INFO    committed 9465 rows (0 affected), watermark 2026-09-06 01:33:47.468000
2026-09-06 18:37:03,795 INFO    window 2026-09-08 03:06:20.770233 .. 2026-09-17 16:13:31.309675: 0 rows
2026-09-06 18:37:04,095 INFO    window 2026-09-17 16:13:31.309675 .. 2026-10-06 18:27:52.388558: 0 rows
2026-09-06 18:37:04,095 INFO    tie group at 2026-09-06 01:33:47.468000 drained: 500168 further row(s)
2026-09-06 18:37:06,692 INFO    page 3: 10952 rows, 10952 new (:updated_at > 2026-09-06T01:33:47.468)
2026-09-06 18:37:07,641 INFO    committed 10952 rows (0 affected), watermark 2026-09-06 01:39:31.178000
2026-09-06 18:37:07,642 INFO    run complete: 561120 rows processed, watermark 2026-09-06 01:39:31.178000
2026-09-06 18:37:07,700 INFO    Run took 584.3 s
incremental exit code: 0
